../Drivers/lowlevel/ICs/AD9834/AD9834.c:15:6:AD9834_Delay	16	static,ignoring_inline_asm
../Drivers/lowlevel/ICs/AD9834/AD9834.c:19:6:AD9834_Init	8	static
../Drivers/lowlevel/ICs/AD9834/AD9834.c:32:6:AD9834_WriteRegister	16	static
../Drivers/lowlevel/ICs/AD9834/AD9834.c:53:6:AD9834_SetFrequency	32	static
../Drivers/lowlevel/ICs/AD9834/AD9834.c:66:6:AD9834_SetSineWave	8	static
../Drivers/lowlevel/ICs/AD9834/AD9834.c:70:6:AD9834_SetSquareWave	8	static
../Drivers/lowlevel/ICs/AD9834/AD9834.c:74:6:AD9834_SetTriangleWave	8	static
